Classic Timing Analyzer report for Lab2
Sun Feb 07 18:14:46 2016
Quartus II Version 9.0 Build 184 04/29/2009 Service Pack 1 SJ Web Edition


---------------------
; Table of Contents ;
---------------------
  1. Legal Notice
  2. Timing Analyzer Summary
  3. Timing Analyzer Settings
  4. Parallel Compilation
  5. tpd
  6. Timing Analyzer Messages



----------------
; Legal Notice ;
----------------
Copyright (C) 1991-2009 Altera Corporation
Your use of Altera Corporation's design tools, logic functions 
and other software and tools, and its AMPP partner logic 
functions, and any output files from any of the foregoing 
(including device programming or simulation files), and any 
associated documentation or information are expressly subject 
to the terms and conditions of the Altera Program License 
Subscription Agreement, Altera MegaCore Function License 
Agreement, or other applicable license agreement, including, 
without limitation, that your use is for the sole purpose of 
programming logic devices manufactured by Altera and sold by 
Altera or its authorized distributors.  Please refer to the 
applicable agreement for further details.



+-----------------------------------------------------------------------------------------------------------------------------+
; Timing Analyzer Summary                                                                                                     ;
+------------------------------+-------+---------------+-------------+-------+---------+------------+----------+--------------+
; Type                         ; Slack ; Required Time ; Actual Time ; From  ; To      ; From Clock ; To Clock ; Failed Paths ;
+------------------------------+-------+---------------+-------------+-------+---------+------------+----------+--------------+
; Worst-case tpd               ; N/A   ; None          ; 16.180 ns   ; sw[1] ; hex1[1] ; --         ; --       ; 0            ;
; Total number of failed paths ;       ;               ;             ;       ;         ;            ;          ; 0            ;
+------------------------------+-------+---------------+-------------+-------+---------+------------+----------+--------------+


+--------------------------------------------------------------------------------------------------------------------+
; Timing Analyzer Settings                                                                                           ;
+---------------------------------------------------------------------+--------------------+------+----+-------------+
; Option                                                              ; Setting            ; From ; To ; Entity Name ;
+---------------------------------------------------------------------+--------------------+------+----+-------------+
; Device Name                                                         ; EP2C35F672C6       ;      ;    ;             ;
; Timing Models                                                       ; Final              ;      ;    ;             ;
; Default hold multicycle                                             ; Same as Multicycle ;      ;    ;             ;
; Cut paths between unrelated clock domains                           ; On                 ;      ;    ;             ;
; Cut off read during write signal paths                              ; On                 ;      ;    ;             ;
; Cut off feedback from I/O pins                                      ; On                 ;      ;    ;             ;
; Report Combined Fast/Slow Timing                                    ; Off                ;      ;    ;             ;
; Ignore Clock Settings                                               ; Off                ;      ;    ;             ;
; Analyze latches as synchronous elements                             ; On                 ;      ;    ;             ;
; Enable Recovery/Removal analysis                                    ; Off                ;      ;    ;             ;
; Enable Clock Latency                                                ; Off                ;      ;    ;             ;
; Use TimeQuest Timing Analyzer                                       ; Off                ;      ;    ;             ;
; Minimum Core Junction Temperature                                   ; 0                  ;      ;    ;             ;
; Maximum Core Junction Temperature                                   ; 85                 ;      ;    ;             ;
; Number of source nodes to report per destination node               ; 10                 ;      ;    ;             ;
; Number of destination nodes to report                               ; 10                 ;      ;    ;             ;
; Number of paths to report                                           ; 200                ;      ;    ;             ;
; Report Minimum Timing Checks                                        ; Off                ;      ;    ;             ;
; Use Fast Timing Models                                              ; Off                ;      ;    ;             ;
; Report IO Paths Separately                                          ; Off                ;      ;    ;             ;
; Perform Multicorner Analysis                                        ; On                 ;      ;    ;             ;
; Reports the worst-case path for each clock domain and analysis      ; Off                ;      ;    ;             ;
; Removes common clock path pessimism (CCPP) during slack computation ; Off                ;      ;    ;             ;
; Output I/O Timing Endpoint                                          ; Near End           ;      ;    ;             ;
+---------------------------------------------------------------------+--------------------+------+----+-------------+


Parallel compilation was disabled, but you have multiple processors available. Enable parallel compilation to reduce compilation time.
+-------------------------------------+
; Parallel Compilation                ;
+----------------------------+--------+
; Processors                 ; Number ;
+----------------------------+--------+
; Number detected on machine ; 4      ;
; Maximum allowed            ; 1      ;
+----------------------------+--------+


+------------------------------------------------------------------------------------------------------------------------------------+
; tpd                                                                                                                                ;
+-----------------------------------------+-----------------------------------------------------+-----------------+--------+---------+
; Slack                                   ; Required P2P Time                                   ; Actual P2P Time ; From   ; To      ;
+-----------------------------------------+-----------------------------------------------------+-----------------+--------+---------+
; N/A                                     ; None                                                ; 16.180 ns       ; sw[1]  ; hex1[1] ;
; N/A                                     ; None                                                ; 16.079 ns       ; sw[2]  ; hex1[1] ;
; N/A                                     ; None                                                ; 16.022 ns       ; sw[9]  ; hex1[1] ;
; N/A                                     ; None                                                ; 15.952 ns       ; sw[3]  ; hex1[1] ;
; N/A                                     ; None                                                ; 15.640 ns       ; sw[1]  ; hex1[3] ;
; N/A                                     ; None                                                ; 15.604 ns       ; sw[1]  ; hex1[2] ;
; N/A                                     ; None                                                ; 15.539 ns       ; sw[2]  ; hex1[3] ;
; N/A                                     ; None                                                ; 15.514 ns       ; sw[12] ; hex1[1] ;
; N/A                                     ; None                                                ; 15.503 ns       ; sw[2]  ; hex1[2] ;
; N/A                                     ; None                                                ; 15.482 ns       ; sw[9]  ; hex1[3] ;
; N/A                                     ; None                                                ; 15.458 ns       ; sw[4]  ; hex1[1] ;
; N/A                                     ; None                                                ; 15.446 ns       ; sw[9]  ; hex1[2] ;
; N/A                                     ; None                                                ; 15.412 ns       ; sw[3]  ; hex1[3] ;
; N/A                                     ; None                                                ; 15.388 ns       ; sw[1]  ; hex1[6] ;
; N/A                                     ; None                                                ; 15.377 ns       ; sw[1]  ; hex1[5] ;
; N/A                                     ; None                                                ; 15.376 ns       ; sw[3]  ; hex1[2] ;
; N/A                                     ; None                                                ; 15.347 ns       ; sw[10] ; hex1[1] ;
; N/A                                     ; None                                                ; 15.287 ns       ; sw[2]  ; hex1[6] ;
; N/A                                     ; None                                                ; 15.276 ns       ; sw[2]  ; hex1[5] ;
; N/A                                     ; None                                                ; 15.271 ns       ; sw[5]  ; hex1[1] ;
; N/A                                     ; None                                                ; 15.237 ns       ; sw[11] ; hex1[1] ;
; N/A                                     ; None                                                ; 15.230 ns       ; sw[9]  ; hex1[6] ;
; N/A                                     ; None                                                ; 15.219 ns       ; sw[9]  ; hex1[5] ;
; N/A                                     ; None                                                ; 15.176 ns       ; sw[1]  ; hex1[0] ;
; N/A                                     ; None                                                ; 15.160 ns       ; sw[3]  ; hex1[6] ;
; N/A                                     ; None                                                ; 15.158 ns       ; sw[1]  ; hex1[4] ;
; N/A                                     ; None                                                ; 15.149 ns       ; sw[3]  ; hex1[5] ;
; N/A                                     ; None                                                ; 15.118 ns       ; sw[14] ; hex1[1] ;
; N/A                                     ; None                                                ; 15.075 ns       ; sw[2]  ; hex1[0] ;
; N/A                                     ; None                                                ; 15.074 ns       ; sw[13] ; hex1[1] ;
; N/A                                     ; None                                                ; 15.057 ns       ; sw[2]  ; hex1[4] ;
; N/A                                     ; None                                                ; 15.018 ns       ; sw[9]  ; hex1[0] ;
; N/A                                     ; None                                                ; 15.009 ns       ; sw[1]  ; hex0[4] ;
; N/A                                     ; None                                                ; 15.000 ns       ; sw[9]  ; hex1[4] ;
; N/A                                     ; None                                                ; 14.995 ns       ; sw[1]  ; hex0[1] ;
; N/A                                     ; None                                                ; 14.974 ns       ; sw[12] ; hex1[3] ;
; N/A                                     ; None                                                ; 14.965 ns       ; sw[1]  ; hex0[2] ;
; N/A                                     ; None                                                ; 14.948 ns       ; sw[3]  ; hex1[0] ;
; N/A                                     ; None                                                ; 14.938 ns       ; sw[12] ; hex1[2] ;
; N/A                                     ; None                                                ; 14.930 ns       ; sw[3]  ; hex1[4] ;
; N/A                                     ; None                                                ; 14.918 ns       ; sw[4]  ; hex1[3] ;
; N/A                                     ; None                                                ; 14.882 ns       ; sw[4]  ; hex1[2] ;
; N/A                                     ; None                                                ; 14.873 ns       ; sw[2]  ; hex0[4] ;
; N/A                                     ; None                                                ; 14.855 ns       ; sw[2]  ; hex0[1] ;
; N/A                                     ; None                                                ; 14.853 ns       ; sw[1]  ; ledr[5] ;
; N/A                                     ; None                                                ; 14.852 ns       ; sw[2]  ; hex0[2] ;
; N/A                                     ; None                                                ; 14.851 ns       ; sw[9]  ; hex0[4] ;
; N/A                                     ; None                                                ; 14.837 ns       ; sw[9]  ; hex0[1] ;
; N/A                                     ; None                                                ; 14.807 ns       ; sw[10] ; hex1[3] ;
; N/A                                     ; None                                                ; 14.807 ns       ; sw[9]  ; hex0[2] ;
; N/A                                     ; None                                                ; 14.771 ns       ; sw[10] ; hex1[2] ;
; N/A                                     ; None                                                ; 14.752 ns       ; sw[2]  ; ledr[5] ;
; N/A                                     ; None                                                ; 14.731 ns       ; sw[5]  ; hex1[3] ;
; N/A                                     ; None                                                ; 14.722 ns       ; sw[12] ; hex1[6] ;
; N/A                                     ; None                                                ; 14.711 ns       ; sw[12] ; hex1[5] ;
; N/A                                     ; None                                                ; 14.707 ns       ; sw[1]  ; hex0[5] ;
; N/A                                     ; None                                                ; 14.706 ns       ; sw[1]  ; hex0[6] ;
; N/A                                     ; None                                                ; 14.698 ns       ; sw[1]  ; hex0[3] ;
; N/A                                     ; None                                                ; 14.697 ns       ; sw[11] ; hex1[3] ;
; N/A                                     ; None                                                ; 14.695 ns       ; sw[5]  ; hex1[2] ;
; N/A                                     ; None                                                ; 14.695 ns       ; sw[9]  ; ledr[5] ;
; N/A                                     ; None                                                ; 14.685 ns       ; sw[1]  ; hex0[0] ;
; N/A                                     ; None                                                ; 14.666 ns       ; sw[4]  ; hex1[6] ;
; N/A                                     ; None                                                ; 14.661 ns       ; sw[11] ; hex1[2] ;
; N/A                                     ; None                                                ; 14.655 ns       ; sw[4]  ; hex1[5] ;
; N/A                                     ; None                                                ; 14.640 ns       ; sw[6]  ; hex1[1] ;
; N/A                                     ; None                                                ; 14.625 ns       ; sw[3]  ; ledr[5] ;
; N/A                                     ; None                                                ; 14.583 ns       ; sw[2]  ; hex0[5] ;
; N/A                                     ; None                                                ; 14.578 ns       ; sw[14] ; hex1[3] ;
; N/A                                     ; None                                                ; 14.577 ns       ; sw[2]  ; hex0[6] ;
; N/A                                     ; None                                                ; 14.569 ns       ; sw[2]  ; hex0[3] ;
; N/A                                     ; None                                                ; 14.564 ns       ; sw[2]  ; hex0[0] ;
; N/A                                     ; None                                                ; 14.555 ns       ; sw[10] ; hex1[6] ;
; N/A                                     ; None                                                ; 14.549 ns       ; sw[9]  ; hex0[5] ;
; N/A                                     ; None                                                ; 14.548 ns       ; sw[9]  ; hex0[6] ;
; N/A                                     ; None                                                ; 14.544 ns       ; sw[10] ; hex1[5] ;
; N/A                                     ; None                                                ; 14.542 ns       ; sw[14] ; hex1[2] ;
; N/A                                     ; None                                                ; 14.540 ns       ; sw[9]  ; hex0[3] ;
; N/A                                     ; None                                                ; 14.534 ns       ; sw[13] ; hex1[3] ;
; N/A                                     ; None                                                ; 14.527 ns       ; sw[9]  ; hex0[0] ;
; N/A                                     ; None                                                ; 14.525 ns       ; sw[1]  ; ledr[8] ;
; N/A                                     ; None                                                ; 14.510 ns       ; sw[12] ; hex1[0] ;
; N/A                                     ; None                                                ; 14.498 ns       ; sw[13] ; hex1[2] ;
; N/A                                     ; None                                                ; 14.492 ns       ; sw[12] ; hex1[4] ;
; N/A                                     ; None                                                ; 14.479 ns       ; sw[5]  ; hex1[6] ;
; N/A                                     ; None                                                ; 14.468 ns       ; sw[5]  ; hex1[5] ;
; N/A                                     ; None                                                ; 14.454 ns       ; sw[4]  ; hex1[0] ;
; N/A                                     ; None                                                ; 14.445 ns       ; sw[11] ; hex1[6] ;
; N/A                                     ; None                                                ; 14.436 ns       ; sw[4]  ; hex1[4] ;
; N/A                                     ; None                                                ; 14.434 ns       ; sw[11] ; hex1[5] ;
; N/A                                     ; None                                                ; 14.431 ns       ; sw[3]  ; hex0[4] ;
; N/A                                     ; None                                                ; 14.424 ns       ; sw[2]  ; ledr[8] ;
; N/A                                     ; None                                                ; 14.423 ns       ; sw[1]  ; ledr[4] ;
; N/A                                     ; None                                                ; 14.413 ns       ; sw[3]  ; hex0[1] ;
; N/A                                     ; None                                                ; 14.410 ns       ; sw[3]  ; hex0[2] ;
; N/A                                     ; None                                                ; 14.367 ns       ; sw[9]  ; ledr[8] ;
; N/A                                     ; None                                                ; 14.343 ns       ; sw[10] ; hex1[0] ;
; N/A                                     ; None                                                ; 14.326 ns       ; sw[14] ; hex1[6] ;
; N/A                                     ; None                                                ; 14.325 ns       ; sw[10] ; hex1[4] ;
; N/A                                     ; None                                                ; 14.322 ns       ; sw[2]  ; ledr[4] ;
; N/A                                     ; None                                                ; 14.315 ns       ; sw[14] ; hex1[5] ;
; N/A                                     ; None                                                ; 14.297 ns       ; sw[3]  ; ledr[8] ;
; N/A                                     ; None                                                ; 14.282 ns       ; sw[13] ; hex1[6] ;
; N/A                                     ; None                                                ; 14.280 ns       ; sw[16] ; hex1[1] ;
; N/A                                     ; None                                                ; 14.271 ns       ; sw[13] ; hex1[5] ;
; N/A                                     ; None                                                ; 14.265 ns       ; sw[9]  ; ledr[4] ;
; N/A                                     ; None                                                ; 14.249 ns       ; sw[5]  ; hex1[4] ;
; N/A                                     ; None                                                ; 14.233 ns       ; sw[11] ; hex1[0] ;
; N/A                                     ; None                                                ; 14.215 ns       ; sw[11] ; hex1[4] ;
; N/A                                     ; None                                                ; 14.198 ns       ; sw[1]  ; ledr[3] ;
; N/A                                     ; None                                                ; 14.196 ns       ; sw[1]  ; ledr[6] ;
; N/A                                     ; None                                                ; 14.195 ns       ; sw[3]  ; ledr[4] ;
; N/A                                     ; None                                                ; 14.187 ns       ; sw[12] ; ledr[5] ;
; N/A                                     ; None                                                ; 14.141 ns       ; sw[3]  ; hex0[5] ;
; N/A                                     ; None                                                ; 14.141 ns       ; sw[10] ; hex0[4] ;
; N/A                                     ; None                                                ; 14.136 ns       ; sw[17] ; hex1[1] ;
; N/A                                     ; None                                                ; 14.135 ns       ; sw[3]  ; hex0[6] ;
; N/A                                     ; None                                                ; 14.131 ns       ; sw[4]  ; ledr[5] ;
; N/A                                     ; None                                                ; 14.127 ns       ; sw[3]  ; hex0[3] ;
; N/A                                     ; None                                                ; 14.123 ns       ; sw[10] ; hex0[1] ;
; N/A                                     ; None                                                ; 14.122 ns       ; sw[3]  ; hex0[0] ;
; N/A                                     ; None                                                ; 14.120 ns       ; sw[10] ; hex0[2] ;
; N/A                                     ; None                                                ; 14.100 ns       ; sw[6]  ; hex1[3] ;
; N/A                                     ; None                                                ; 14.097 ns       ; sw[2]  ; ledr[3] ;
; N/A                                     ; None                                                ; 14.096 ns       ; sw[14] ; hex1[4] ;
; N/A                                     ; None                                                ; 14.095 ns       ; sw[2]  ; ledr[6] ;
; N/A                                     ; None                                                ; 14.064 ns       ; sw[6]  ; hex1[2] ;
; N/A                                     ; None                                                ; 14.054 ns       ; sw[1]  ; hex2[2] ;
; N/A                                     ; None                                                ; 14.052 ns       ; sw[13] ; hex1[4] ;
; N/A                                     ; None                                                ; 14.044 ns       ; sw[1]  ; hex2[1] ;
; N/A                                     ; None                                                ; 14.040 ns       ; sw[9]  ; ledr[3] ;
; N/A                                     ; None                                                ; 14.038 ns       ; sw[9]  ; ledr[6] ;
; N/A                                     ; None                                                ; 14.020 ns       ; sw[10] ; ledr[5] ;
; N/A                                     ; None                                                ; 14.018 ns       ; sw[7]  ; hex1[1] ;
; N/A                                     ; None                                                ; 13.968 ns       ; sw[3]  ; ledr[6] ;
; N/A                                     ; None                                                ; 13.953 ns       ; sw[2]  ; hex2[2] ;
; N/A                                     ; None                                                ; 13.951 ns       ; sw[5]  ; hex1[0] ;
; N/A                                     ; None                                                ; 13.943 ns       ; sw[2]  ; hex2[1] ;
; N/A                                     ; None                                                ; 13.931 ns       ; sw[1]  ; ledr[2] ;
; N/A                                     ; None                                                ; 13.910 ns       ; sw[11] ; ledr[5] ;
; N/A                                     ; None                                                ; 13.896 ns       ; sw[9]  ; hex2[2] ;
; N/A                                     ; None                                                ; 13.886 ns       ; sw[9]  ; hex2[1] ;
; N/A                                     ; None                                                ; 13.859 ns       ; sw[12] ; ledr[8] ;
; N/A                                     ; None                                                ; 13.851 ns       ; sw[10] ; hex0[5] ;
; N/A                                     ; None                                                ; 13.849 ns       ; sw[15] ; hex1[1] ;
; N/A                                     ; None                                                ; 13.848 ns       ; sw[6]  ; hex1[6] ;
; N/A                                     ; None                                                ; 13.845 ns       ; sw[10] ; hex0[6] ;
; N/A                                     ; None                                                ; 13.837 ns       ; sw[6]  ; hex1[5] ;
; N/A                                     ; None                                                ; 13.837 ns       ; sw[10] ; hex0[3] ;
; N/A                                     ; None                                                ; 13.832 ns       ; sw[10] ; hex0[0] ;
; N/A                                     ; None                                                ; 13.826 ns       ; sw[3]  ; hex2[2] ;
; N/A                                     ; None                                                ; 13.816 ns       ; sw[3]  ; hex2[1] ;
; N/A                                     ; None                                                ; 13.803 ns       ; sw[4]  ; ledr[8] ;
; N/A                                     ; None                                                ; 13.792 ns       ; sw[1]  ; ledr[1] ;
; N/A                                     ; None                                                ; 13.775 ns       ; sw[14] ; ledr[8] ;
; N/A                                     ; None                                                ; 13.773 ns       ; sw[9]  ; ledr[2] ;
; N/A                                     ; None                                                ; 13.769 ns       ; sw[14] ; hex1[0] ;
; N/A                                     ; None                                                ; 13.755 ns       ; sw[13] ; hex1[0] ;
; N/A                                     ; None                                                ; 13.740 ns       ; sw[16] ; hex1[3] ;
; N/A                                     ; None                                                ; 13.736 ns       ; sw[7]  ; ledr[8] ;
; N/A                                     ; None                                                ; 13.715 ns       ; sw[11] ; hex0[4] ;
; N/A                                     ; None                                                ; 13.704 ns       ; sw[16] ; hex1[2] ;
; N/A                                     ; None                                                ; 13.697 ns       ; sw[11] ; hex0[1] ;
; N/A                                     ; None                                                ; 13.694 ns       ; sw[11] ; hex0[2] ;
; N/A                                     ; None                                                ; 13.692 ns       ; sw[10] ; ledr[8] ;
; N/A                                     ; None                                                ; 13.655 ns       ; sw[3]  ; ledr[3] ;
; N/A                                     ; None                                                ; 13.633 ns       ; sw[9]  ; ledr[1] ;
; N/A                                     ; None                                                ; 13.628 ns       ; sw[16] ; hex0[4] ;
; N/A                                     ; None                                                ; 13.628 ns       ; sw[5]  ; ledr[5] ;
; N/A                                     ; None                                                ; 13.618 ns       ; sw[6]  ; hex1[4] ;
; N/A                                     ; None                                                ; 13.616 ns       ; sw[5]  ; ledr[8] ;
; N/A                                     ; None                                                ; 13.607 ns       ; sw[16] ; hex0[1] ;
; N/A                                     ; None                                                ; 13.606 ns       ; sw[17] ; hex1[3] ;
; N/A                                     ; None                                                ; 13.590 ns       ; sw[10] ; ledr[4] ;
; N/A                                     ; None                                                ; 13.582 ns       ; sw[11] ; ledr[8] ;
; N/A                                     ; None                                                ; 13.580 ns       ; sw[16] ; hex0[2] ;
; N/A                                     ; None                                                ; 13.569 ns       ; sw[17] ; hex1[2] ;
; N/A                                     ; None                                                ; 13.530 ns       ; sw[12] ; ledr[6] ;
; N/A                                     ; None                                                ; 13.518 ns       ; sw[2]  ; ledr[2] ;
; N/A                                     ; None                                                ; 13.490 ns       ; sw[7]  ; hex1[3] ;
; N/A                                     ; None                                                ; 13.488 ns       ; sw[16] ; hex1[6] ;
; N/A                                     ; None                                                ; 13.480 ns       ; sw[11] ; ledr[4] ;
; N/A                                     ; None                                                ; 13.479 ns       ; sw[7]  ; hex1[2] ;
; N/A                                     ; None                                                ; 13.477 ns       ; sw[16] ; hex1[5] ;
; N/A                                     ; None                                                ; 13.474 ns       ; sw[4]  ; ledr[6] ;
; N/A                                     ; None                                                ; 13.452 ns       ; sw[1]  ; ledr[7] ;
; N/A                                     ; None                                                ; 13.443 ns       ; sw[15] ; ledr[8] ;
; N/A                                     ; None                                                ; 13.441 ns       ; sw[12] ; ledr[4] ;
; N/A                                     ; None                                                ; 13.432 ns       ; sw[13] ; ledr[5] ;
; N/A                                     ; None                                                ; 13.425 ns       ; sw[11] ; hex0[5] ;
; N/A                                     ; None                                                ; 13.419 ns       ; sw[11] ; hex0[6] ;
; N/A                                     ; None                                                ; 13.419 ns       ; sw[13] ; ledr[8] ;
; N/A                                     ; None                                                ; 13.411 ns       ; sw[11] ; hex0[3] ;
; N/A                                     ; None                                                ; 13.406 ns       ; sw[11] ; hex0[0] ;
; N/A                                     ; None                                                ; 13.388 ns       ; sw[12] ; hex2[2] ;
; N/A                                     ; None                                                ; 13.384 ns       ; sw[4]  ; ledr[4] ;
; N/A                                     ; None                                                ; 13.378 ns       ; sw[12] ; hex2[1] ;
; N/A                                     ; None                                                ; 13.365 ns       ; sw[10] ; ledr[3] ;
; N/A                                     ; None                                                ; 13.363 ns       ; sw[10] ; ledr[6] ;
; N/A                                     ; None                                                ; 13.351 ns       ; sw[2]  ; ledr[7] ;
; Timing analysis restricted to 200 rows. ; To change the limit use Settings (Assignments menu) ;                 ;        ;         ;
+-----------------------------------------+-----------------------------------------------------+-----------------+--------+---------+


+--------------------------+
; Timing Analyzer Messages ;
+--------------------------+
Info: *******************************************************************
Info: Running Quartus II Classic Timing Analyzer
    Info: Version 9.0 Build 184 04/29/2009 Service Pack 1 SJ Web Edition
    Info: Processing started: Sun Feb 07 18:14:45 2016
Info: Command: quartus_tan --read_settings_files=off --write_settings_files=off Lab2 -c Lab2 --timing_analysis_only
Info: Longest tpd from source pin "sw[1]" to destination pin "hex1[1]" is 16.180 ns
    Info: 1: + IC(0.000 ns) + CELL(0.852 ns) = 0.852 ns; Loc. = PIN_K1; Fanout = 10; PIN Node = 'sw[1]'
    Info: 2: + IC(6.121 ns) + CELL(0.414 ns) = 7.387 ns; Loc. = LCCOMB_X23_Y20_N8; Fanout = 2; COMB Node = 'Add0~3'
    Info: 3: + IC(0.000 ns) + CELL(0.071 ns) = 7.458 ns; Loc. = LCCOMB_X23_Y20_N10; Fanout = 2; COMB Node = 'Add0~5'
    Info: 4: + IC(0.000 ns) + CELL(0.071 ns) = 7.529 ns; Loc. = LCCOMB_X23_Y20_N12; Fanout = 2; COMB Node = 'Add0~7'
    Info: 5: + IC(0.000 ns) + CELL(0.159 ns) = 7.688 ns; Loc. = LCCOMB_X23_Y20_N14; Fanout = 2; COMB Node = 'Add0~9'
    Info: 6: + IC(0.000 ns) + CELL(0.071 ns) = 7.759 ns; Loc. = LCCOMB_X23_Y20_N16; Fanout = 2; COMB Node = 'Add0~11'
    Info: 7: + IC(0.000 ns) + CELL(0.410 ns) = 8.169 ns; Loc. = LCCOMB_X23_Y20_N18; Fanout = 1; COMB Node = 'Add0~12'
    Info: 8: + IC(0.736 ns) + CELL(0.275 ns) = 9.180 ns; Loc. = LCCOMB_X23_Y23_N28; Fanout = 1; COMB Node = 'Mux5~0'
    Info: 9: + IC(0.244 ns) + CELL(0.420 ns) = 9.844 ns; Loc. = LCCOMB_X23_Y23_N14; Fanout = 8; COMB Node = 'Mux5~1'
    Info: 10: + IC(1.437 ns) + CELL(0.438 ns) = 11.719 ns; Loc. = LCCOMB_X24_Y32_N24; Fanout = 1; COMB Node = 'SevenSegment:result_2ndD|Mux5~0'
    Info: 11: + IC(1.819 ns) + CELL(2.642 ns) = 16.180 ns; Loc. = PIN_F4; Fanout = 0; PIN Node = 'hex1[1]'
    Info: Total cell delay = 5.823 ns ( 35.99 % )
    Info: Total interconnect delay = 10.357 ns ( 64.01 % )
Info: Quartus II Classic Timing Analyzer was successful. 0 errors, 0 warnings
    Info: Peak virtual memory: 190 megabytes
    Info: Processing ended: Sun Feb 07 18:14:46 2016
    Info: Elapsed time: 00:00:01
    Info: Total CPU time (on all processors): 00:00:00


